Microchip MPLAB XC8 Compiler V1.43 ()

Linker command line:

--edf=C:\Program Files (x86)\Microchip\xc8\v1.43\dat\en_msgs.txt -cs \
  -h+dist/Standalone/production\LoRaMote.X.production.sym \
  --cmf=dist/Standalone/production\LoRaMote.X.production.cmf -z -Q18LF45K50 \
  -oC:\Users\Scardini\AppData\Local\Temp\sduc.2 \
  -Mdist/Standalone/production/LoRaMote.X.production.map -E1 -ver=XC8 \
  --acfsm=1493 -ASTACK=0580h-07ffh -pstack=STACK -ACODE=00h-07FFFh \
  -ACONST=00h-07FFFh -ASMALLCONST=0800h-08FFhx120 \
  -AMEDIUMCONST=0800h-07FFFh -ACOMRAM=01h-05Fh -AABS1=00h-07FFh \
  -ABIGRAM=01h-07FFh -ARAM=060h-0FFh,0100h-01FFhx7 -ABANK0=060h-0FFh \
  -ABANK1=0100h-01FFh -ABANK2=0200h-02FFh -ABANK3=0300h-03FFh \
  -ABANK4=0400h-04FFh -ABANK5=0500h-05FFh -ABANK6=0600h-06FFh \
  -ABANK7=0700h-07FFh -ASFR=0F53h-0F5Fh,0F60h-0FFFh \
  -preset_vec=00h,intcode=08h,intcodelo,powerup,init -pramtop=0800h \
  -psmallconst=SMALLCONST -pmediumconst=MEDIUMCONST -pconst=CONST \
  -AFARRAM=00h-00h -ACONFIG=0300000h-030000Dh -pconfig=CONFIG \
  -AIDLOC=0200000h-0200007h -pidloc=IDLOC -AEEDATA=0F00000h-0F000FFh \
  -peeprom_data=EEDATA \
  -prdata=COMRAM,nvrram=COMRAM,nvbit=COMRAM,rbss=COMRAM,rbit=COMRAM \
  -pfarbss=FARRAM,fardata=FARRAM,nvFARRAM=FARRAM \
  -pintsave_regs=BIGRAM,bigbss=BIGRAM,bigdata=BIGRAM -pbss=RAM \
  -pidata=CODE,irdata=CODE,ibigdata=CODE,ifardata=CODE -prparam=COMRAM \
  C:\Users\Scardini\AppData\Local\Temp\sduc.obj \
  dist/Standalone/production\LoRaMote.X.production.obj 

Object code version is 3.11

Machine type is 18LF45K50

Call graph: (short form)




                Name                               Link     Load   Length Selector   Space Scale
C:\Users\Scardini\AppData\Local\Temp\sduc.obj
                init                                 E4       E4        4        4       0
                reset_vec                             0        0        4        0       0
                idloc                            200000   200000        8   200000       0
                config                           300000   300000        E   300000       0
dist/Standalone/production\LoRaMote.X.production.obj
                intcode                               8        8       DC        4       0
                temp                                 5E       5E        1        1       1
                mediumconst                        759E     759E      A62     3ACF       0
                text136                            691A     691A        4     347B       0
                text135                            645E     645E       38        4       0
                text134                            63EC     63EC       3A        4       0
                text133                            68A2     68A2        C        4       0
                text132                            6722     6722       1E        4       0
                text131                            6908     6908        6     347B       0
                text130                            594E     594E       82        4       0
                text129                            6284     6284       42        4       0
                text128                            5F34     5F34       5A        4       0
                text127                            4918     4918       DC        4       0
                text126                            4494     4494       EE        4       0
                text125                            4FAA     4FAA       C4        4       0
                text124                            356E     356E      140        4       0
                text123                            5ED8     5ED8       5C        4       0
                text122                            4C7A     4C7A       D0        4       0
                text121                            5710     5710       94        4       0
                text120                            6302     6302       3C        4       0
                text119                            5128     5128       BA        4       0
                text118                            5C8E     5C8E       6C        4       0
                text117                            5DC2     5DC2       5E        4       0
                text116                            5E7C     5E7C       5C        4       0
                text115                            2B36     2B36      286        4       0
                text114                            37EC     37EC      13C        4       0
                text113                            506E     506E       BA        4       0
                text112                            65C6     65C6       2C        4       0
                text111                            4754     4754       E6        4       0
                text110                            41BC     41BC       F4        4       0
                text109                            5672     5672       9E        4       0
                text108                            40C8     40C8       F4        4       0
                text107                            5834     5834       8E        4       0
                text106                            4E18     4E18       CE        4       0
                text105                            6242     6242       42        4       0
                text104                            661C     661C       2A        4       0
                text103                            6596     6596       30        4       0
                text102                            3928     3928      13A        4       0
                text101                            3A62     3A62      134        4       0
                text100                            68E6     68E6        8        4       0
                text98                             6800     6800       16        4       0
                text97                             68CC     68CC        A        4       0
                text96                             6776     6776       1A        4       0
                text95                             6862     6862       12        4       0
                text94                             6200     6200       42        4       0
                text93                             67EA     67EA       16        4       0
                text92                             5FE6     5FE6       56        4       0
                text91                             6916     6916        4     347B       0
                text90                             6426     6426       38        4       0
                text89                             6912     6912        4     347B       0
                text88                             682A     682A       14        4       0
                text87                             690E     690E        4     347B       0
                text86                             6700     6700       22        4       0
                text85                             66DE     66DE       22        4       0
                text84                             6500     6500       34        4       0
                text83                             64CC     64CC       34        4       0
                text82                             3416     3416      158        4       0
                text81                             4ACE     4ACE       D8        4       0
                text80                             311C     311C      180        4       0
                text79                             616E     616E       4A        4       0
                text78                             61B8     61B8       48        4       0
                text77                             6902     6902        6     347B       0
                text76                             68FC     68FC        6     347B       0
                text75                             4582     4582       EA        4       0
                text74                             66BA     66BA       24        4       0
                text73                             3DCE     3DCE      10C        4       0
                text72                             67D4     67D4       16        4       0
                text71                             6740     6740       1C        4       0
                text70                             6790     6790       18        4       0
                text69                             67BE     67BE       16        4       0
                text68                             53E8     53E8       A8        4       0
                text67                             666E     666E       28        4       0
                text66                             675C     675C       1A        4       0
                text65                             5C22     5C22       6C        4       0
                text64                             5ACE     5ACE       74        4       0
                text63                             4D4A     4D4A       CE        4       0
                text62                             68C2     68C2        A        4       0
                text61                             6894     6894        E        4       0
                text60                             6566     6566       30        4       0
                text59                             6850     6850       12        4       0
                text58                             6696     6696       24        4       0
                text57                             68DE     68DE        8        4       0
                text56                             43A2     43A2       F2        4       0
                text55                             5D60     5D60       62        4       0
                text54                             36AE     36AE      13E        4       0
                text53                             68F6     68F6        6     347B       0
                text52                             68B8     68B8        A        4       0
                text51                             62C6     62C6       3C        4       0
                text50                             63B2     63B2       3A        4       0
                text49                             5F8E     5F8E       58        4       0
                text48                             5532     5532       A2        4       0
                text47                             14C0     14C0      66A        4       0
                text46                             1B2A     1B2A      4A8        4       0
                text45                             2478     2478      3C0        4       0
                text44                             1FD2     1FD2      4A6        4       0
                text43                             3CC2     3CC2      10C        4       0
                text42                             2DBC     2DBC      1CE        4       0
                text41                             42B0     42B0       F2        4       0
                text40                             329C     329C      17A        4       0
                text39                             68AE     68AE        A        4       0
                text38                             603C     603C       54        4       0
                text37                             5A50     5A50       7E        4       0
                text36                             58C2     58C2       8C        4       0
                text35                             6646     6646       28        4       0
                text34                             68D6     68D6        8        4       0
                text33                             683E     683E       12        4       0
                text32                             6884     6884       10        4       0
                text31                             6874     6874       10        4       0
                text30                             6816     6816       14        4       0
                text29                             59D0     59D0       80        4       0
                text28                             65F2     65F2       2A        4       0
                text27                             67A8     67A8       16        4       0
                text26                             6534     6534       32        4       0
                text25                             466C     466C       E8        4       0
                text24                             5490     5490       A2        4       0
                text23                             5E20     5E20       5C        4       0
                text22                             483A     483A       DE        4       0
                text21                             51E2     51E2       B0        4       0
                text20                             6496     6496       36        4       0
                text19                             55D4     55D4       9E        4       0
                text18                             6124     6124       4A        4       0
                text17                             60DA     60DA       4A        4       0
                text16                             6090     6090       4A        4       0
                text15                             4EE6     4EE6       C4        4       0
                text14                             5340     5340       A8        4       0
                text13                             4BA6     4BA6       D4        4       0
                text12                             6378     6378       3A        4       0
                text11                             49F4     49F4       DA        4       0
                text10                               E8       E8     13D8        4       0
                text9                              2838     2838      2FE        4       0
                text8                              2F8A     2F8A      192        4       0
                text7                              633E     633E       3A        4       0
                text6                              3FD4     3FD4       F4        4       0
                text5                              5BB4     5BB4       6E        4       0
                text4                              5CFA     5CFA       66        4       0
                text3                              5292     5292       AE        4       0
                text2                              3EDA     3EDA       FA        4       0
                text1                              5B42     5B42       72        4       0
                text0                              3B96     3B96      12C        4       0
                cstackCOMRAM                          1        1       31        1       1
                cstackBANK0                          60       60       5B       60       1
                bssBANK2                            200      200       C0      200       1
                dataBANK1                           1EA      1EA        2      100       1
                bssBANK1                            100      100       EA      100       1
                dataBANK0                            F9       F9        7       60       1
                bssBANK0                             BB       BB       3E       60       1
                dataCOMRAM                           5B       5B        2        1       1
                bssCOMRAM                            32       32       29        1       1
                bitbssCOMRAM                        2E8       5D        1        1       1     8
                cinit                              57A4     57A4       90        4       0
                idataBANK1                         6920     6920        2     347B       0
                idataBANK0                         68EE     68EE        7        4       0
                idataCOMRAM                        691E     691E        2     347B       0

TOTAL           Name                               Link     Load   Length     Space
        CLASS   STACK          

        CLASS   CODE           
                intcode                               8        8       DC         0
                init                                 E4       E4        4         0
                reset_vec                             0        0        4         0
                text136                            691A     691A        4         0
                text135                            645E     645E       38         0
                text134                            63EC     63EC       3A         0
                text133                            68A2     68A2        C         0
                text132                            6722     6722       1E         0
                text131                            6908     6908        6         0
                text130                            594E     594E       82         0
                text129                            6284     6284       42         0
                text128                            5F34     5F34       5A         0
                text127                            4918     4918       DC         0
                text126                            4494     4494       EE         0
                text125                            4FAA     4FAA       C4         0
                text124                            356E     356E      140         0
                text123                            5ED8     5ED8       5C         0
                text122                            4C7A     4C7A       D0         0
                text121                            5710     5710       94         0
                text120                            6302     6302       3C         0
                text119                            5128     5128       BA         0
                text118                            5C8E     5C8E       6C         0
                text117                            5DC2     5DC2       5E         0
                text116                            5E7C     5E7C       5C         0
                text115                            2B36     2B36      286         0
                text114                            37EC     37EC      13C         0
                text113                            506E     506E       BA         0
                text112                            65C6     65C6       2C         0
                text111                            4754     4754       E6         0
                text110                            41BC     41BC       F4         0
                text109                            5672     5672       9E         0
                text108                            40C8     40C8       F4         0
                text107                            5834     5834       8E         0
                text106                            4E18     4E18       CE         0
                text105                            6242     6242       42         0
                text104                            661C     661C       2A         0
                text103                            6596     6596       30         0
                text102                            3928     3928      13A         0
                text101                            3A62     3A62      134         0
                text100                            68E6     68E6        8         0
                text98                             6800     6800       16         0
                text97                             68CC     68CC        A         0
                text96                             6776     6776       1A         0
                text95                             6862     6862       12         0
                text94                             6200     6200       42         0
                text93                             67EA     67EA       16         0
                text92                             5FE6     5FE6       56         0
                text91                             6916     6916        4         0
                text90                             6426     6426       38         0
                text89                             6912     6912        4         0
                text88                             682A     682A       14         0
                text87                             690E     690E        4         0
                text86                             6700     6700       22         0
                text85                             66DE     66DE       22         0
                text84                             6500     6500       34         0
                text83                             64CC     64CC       34         0
                text82                             3416     3416      158         0
                text81                             4ACE     4ACE       D8         0
                text80                             311C     311C      180         0
                text79                             616E     616E       4A         0
                text78                             61B8     61B8       48         0
                text77                             6902     6902        6         0
                text76                             68FC     68FC        6         0
                text75                             4582     4582       EA         0
                text74                             66BA     66BA       24         0
                text73                             3DCE     3DCE      10C         0
                text72                             67D4     67D4       16         0
                text71                             6740     6740       1C         0
                text70                             6790     6790       18         0
                text69                             67BE     67BE       16         0
                text68                             53E8     53E8       A8         0
                text67                             666E     666E       28         0
                text66                             675C     675C       1A         0
                text65                             5C22     5C22       6C         0
                text64                             5ACE     5ACE       74         0
                text63                             4D4A     4D4A       CE         0
                text62                             68C2     68C2        A         0
                text61                             6894     6894        E         0
                text60                             6566     6566       30         0
                text59                             6850     6850       12         0
                text58                             6696     6696       24         0
                text57                             68DE     68DE        8         0
                text56                             43A2     43A2       F2         0
                text55                             5D60     5D60       62         0
                text54                             36AE     36AE      13E         0
                text53                             68F6     68F6        6         0
                text52                             68B8     68B8        A         0
                text51                             62C6     62C6       3C         0
                text50                             63B2     63B2       3A         0
                text49                             5F8E     5F8E       58         0
                text48                             5532     5532       A2         0
                text47                             14C0     14C0      66A         0
                text46                             1B2A     1B2A      4A8         0
                text45                             2478     2478      3C0         0
                text44                             1FD2     1FD2      4A6         0
                text43                             3CC2     3CC2      10C         0
                text42                             2DBC     2DBC      1CE         0
                text41                             42B0     42B0       F2         0
                text40                             329C     329C      17A         0
                text39                             68AE     68AE        A         0
                text38                             603C     603C       54         0
                text37                             5A50     5A50       7E         0
                text36                             58C2     58C2       8C         0
                text35                             6646     6646       28         0
                text34                             68D6     68D6        8         0
                text33                             683E     683E       12         0
                text32                             6884     6884       10         0
                text31                             6874     6874       10         0
                text30                             6816     6816       14         0
                text29                             59D0     59D0       80         0
                text28                             65F2     65F2       2A         0
                text27                             67A8     67A8       16         0
                text26                             6534     6534       32         0
                text25                             466C     466C       E8         0
                text24                             5490     5490       A2         0
                text23                             5E20     5E20       5C         0
                text22                             483A     483A       DE         0
                text21                             51E2     51E2       B0         0
                text20                             6496     6496       36         0
                text19                             55D4     55D4       9E         0
                text18                             6124     6124       4A         0
                text17                             60DA     60DA       4A         0
                text16                             6090     6090       4A         0
                text15                             4EE6     4EE6       C4         0
                text14                             5340     5340       A8         0
                text13                             4BA6     4BA6       D4         0
                text12                             6378     6378       3A         0
                text11                             49F4     49F4       DA         0
                text10                               E8       E8     13D8         0
                text9                              2838     2838      2FE         0
                text8                              2F8A     2F8A      192         0
                text7                              633E     633E       3A         0
                text6                              3FD4     3FD4       F4         0
                text5                              5BB4     5BB4       6E         0
                text4                              5CFA     5CFA       66         0
                text3                              5292     5292       AE         0
                text2                              3EDA     3EDA       FA         0
                text1                              5B42     5B42       72         0
                text0                              3B96     3B96      12C         0
                cinit                              57A4     57A4       90         0
                idataBANK1                         6920     6920        2         0
                idataBANK0                         68EE     68EE        7         0
                idataCOMRAM                        691E     691E        2         0

        CLASS   CONST          

        CLASS   SMALLCONST     

        CLASS   MEDIUMCONST    
                mediumconst                        759E     759E      A62         0

        CLASS   COMRAM         
                temp                                 5E       5E        1         1
                cstackCOMRAM                          1        1       31         1
                dataCOMRAM                           5B       5B        2         1
                bssCOMRAM                            32       32       29         1
                bitbssCOMRAM                        2E8       5D        1         1

        CLASS   ABS1           
                abs_s1                              400      400       40         1
                abs_s1                              500      500       80         1

        CLASS   BIGRAM         

        CLASS   RAM            

        CLASS   BANK0          
                cstackBANK0                          60       60       5B         1
                dataBANK0                            F9       F9        7         1
                bssBANK0                             BB       BB       3E         1

        CLASS   BANK1          
                dataBANK1                           1EA      1EA        2         1
                bssBANK1                            100      100       EA         1

        CLASS   BANK2          
                bssBANK2                            200      200       C0         1

        CLASS   BANK3          

        CLASS   BANK4          

        CLASS   BANK5          

        CLASS   BANK6          

        CLASS   BANK7          

        CLASS   SFR            

        CLASS   FARRAM         

        CLASS   CONFIG         
                config                           300000   300000        E         0

        CLASS   IDLOC          
                idloc                            200000   200000        8         0

        CLASS   EEDATA         



SEGMENTS        Name                           Load    Length   Top    Selector   Space  Class

                reset_vec                      000000  000004  000004         0       0  CODE    
                cstackCOMRAM                   000001  00005E  00005F         1       1  COMRAM  
                intcode                        000008  0068ED  0068F5         4       0  CODE    
                cstackBANK0                    000060  0000A0  000100        60       1  BANK0   
                bssBANK1                       000100  0000EC  0001EC       100       1  BANK1   
                bssBANK2                       000200  0000C0  0002C0       200       1  BANK2   
                text53                         0068F6  00002C  006922      347B       0  CODE    
                mediumconst                    00759E  000A62  008000      3ACF       0  MEDIUMCO
                idloc                          200000  000008  200008    200000       0  IDLOC   
                config                         300000  00000E  30000E    300000       0  CONFIG  


UNUSED ADDRESS RANGES

        Name                Unused          Largest block    Delta
        BANK1            0001EC-0001FF               14
        BANK2            0002C0-0002FF               40
        BANK3            000300-0003FF              100
        BANK4            000440-0004FF               C0
        BANK5            000580-0005FF               80
        BANK6            000600-0006FF              100
        BANK7            000700-0007FF              100
        BIGRAM           00005F-00005F                1
                         0001EC-0001FF               14
                         0002C0-0003FF              140
                         000440-0004FF               C0
                         000580-0007FF              280
        CODE             000004-000007                4
                         0068F5-0068F5                1
                         006922-00759D              C7C
        COMRAM           00005F-00005F                1
        CONST            000004-000007                4
                         0068F5-0068F5                1
                         006922-00759D              C7C
        EEDATA           F00000-F000FF              100
        MEDIUMCONST      0068F5-0068F5                1
                         006922-00759D              C7C
        RAM              0001EC-0001FF               14
                         0002C0-0003FF               40
                         000440-0004FF               C0
                         000580-0007FF              100
        SFR              000F53-000FFF                D
        SMALLCONST       0068F5-0068F5                1
                         006922-00759D              100
        STACK            000580-0007FF              280

                                  Symbol Table

?_USBTransferOnePacket                       cstackBANK0  000060
?___almod                                    cstackBANK0  000060
?___awmod                                    cstackBANK0  000060
?___fladd                                    cstackBANK0  000060
?___fldiv                                    cstackBANK0  00008D
?___flmul                                    cstackBANK0  000074
?___fltol                                    cstackBANK0  000060
?___lldiv                                    cstackCOMRAM 000001
?___lwmod                                    cstackBANK0  000060
?___wmul                                     cstackBANK0  000060
?___xxtofl                                   cstackBANK0  000060
?_moteApp_convertSensorValue                 cstackBANK0  000067
?_moteApp_get2Value                          cstackBANK0  000063
?_moteApp_getHumValue                        cstackBANK0  000063
?_moteApp_getTempValue                       cstackBANK0  000063
?_strcmp                                     cstackBANK0  000060
?_strncmp                                    cstackBANK0  000060
?i2_USBTransferOnePacket                     cstackCOMRAM 000001
ADC_TempConversion@temp                      cstackBANK0  0000A7
ADC_TempConversion@tempRaw                   cstackBANK0  0000A6
ADC_TempConversion@val                       cstackBANK0  0000A8
CDCTxService@byte_to_send                    cstackBANK0  00006B
CDCTxService@i                               cstackBANK0  00006A
DATAEE_ReadByte@bAdd                         cstackBANK0  000060
DATAEE_WriteByte@GIEBitValue                 cstackBANK0  000062
DATAEE_WriteByte@bAdd                        cstackBANK0  000061
DATAEE_WriteByte@bData                       cstackBANK0  000060
EUSART_FlushBuffer@index                     cstackBANK0  000060
EUSART_Read@readValue                        cstackBANK0  000060
EUSART_Write@txData                          cstackBANK0  000060
MOTEapp_SetDataRateSetting@dr                cstackBANK0  000064
MOTEapp_TimerBasedTask@timerTask             cstackBANK0  000060
MOTEapp_getModuleResponse@bufferByte         cstackBANK0  000062
MOTEapp_getModuleResponse@terminatorReceived cstackBANK0  000061
MOTEapp_handlerState@state                   cstackBANK0  000060
Set_Column_Address@address                   cstackBANK0  000061
Set_Page_Address@address                     cstackBANK0  000061
TMR2_ReadTimer@readVal                       cstackBANK0  000060
USART_mySetLineCodingHandler@dwBaud          cstackCOMRAM 00000E
USBConfigureEndpoint@EPNum                   cstackCOMRAM 000006
USBConfigureEndpoint@direction               cstackCOMRAM 000001
USBConfigureEndpoint@handle                  cstackCOMRAM 000007
USBCtrlEPService@setup_cnt                   cstackCOMRAM 00001E
USBCtrlTrfInHandler@lastDTS                  cstackCOMRAM 000012
USBCtrlTrfRxService@byteToRead               cstackCOMRAM 000013
USBCtrlTrfRxService@i                        cstackCOMRAM 000012
USBCtrlTrfTxService@byteToSend               cstackCOMRAM 000001
USBDeviceInit@i                              cstackBANK0  000068
USBDeviceTasks@i                             cstackCOMRAM 00001F
USBEnableEndpoint@ep                         cstackCOMRAM 00000C
USBEnableEndpoint@options                    cstackCOMRAM 000009
USBEnableEndpoint@p                          cstackCOMRAM 00000A
USBStdFeatureReqHandler@current_ep_data      cstackCOMRAM 000019
USBStdFeatureReqHandler@p                    cstackCOMRAM 00001A
USBStdFeatureReqHandler@pUEP                 cstackCOMRAM 000017
USBStdGetStatusHandler@p                     cstackCOMRAM 000002
USBStdSetCfgHandler@i                        cstackCOMRAM 000016
USBTransferOnePacket@data                    cstackBANK0  000061
USBTransferOnePacket@dir                     cstackBANK0  000060
USBTransferOnePacket@ep                      cstackBANK0  000064
USBTransferOnePacket@handle                  cstackBANK0  000065
USBTransferOnePacket@len                     cstackBANK0  000063
USBapp_CdcEmulatorInitialize@i               cstackCOMRAM 00000D
USBapp_Handler@buttonPress                   cstackBANK0  000071
USBapp_LEDUpdateStatus@ledCount              bssCOMRAM    00003E
USBapp_exitCDCState@usbState                 cstackBANK0  000060
USBapp_handlerState@state                    cstackBANK0  000060
USER_USB_CALLBACK_EVENT_HANDLER@event        cstackCOMRAM 00000E
USER_USB_CALLBACK_EVENT_HANDLER@pdata        cstackCOMRAM 000010
USER_USB_CALLBACK_EVENT_HANDLER@size         cstackCOMRAM 000012
_ACTCON                                      (abs)        000FB5
_ADCON0                                      (abs)        000FC2
_ADCON0bits                                  (abs)        000FC2
_ADCON1                                      (abs)        000FC1
_ADCON2                                      (abs)        000FC0
_ADC_Initialize                              text96       006776
_ADC_TempConversion                          text41       0042B0
_ADRESH                                      (abs)        000FC4
_ADRESL                                      (abs)        000FC3
_ANSELAbits                                  (abs)        000F5B
_ANSELCbits                                  (abs)        000F5D
_BAUDCON                                     (abs)        000FB8
_BDT                                         (abs)        000400
_BaudRateGen                                 bssBANK1     000146
_BothEP0OutUOWNsSet                          bssCOMRAM    000047
_CDCDataInHandle                             bssCOMRAM    000032
_CDCDataOutHandle                            bssBANK0     0000D5
_CDCInitEP                                   text118      005C8E
_CDCTxService                                text80       00311C
_CDCTxService$6281                           cstackBANK0  000068
_CKE                                         (abs)        007E3E
_CKP                                         (abs)        007E34
_CM1CON0                                     (abs)        000F98
_CM1CON0bits                                 (abs)        000F98
_CM2CON1bits                                 (abs)        000F9A
_CMP1_ISR                                    text136      00691A
_CMP1_Initialize                             text95       006862
_Contrast_level                              dataCOMRAM   00005B
_CtrlTrfData                                 (abs)        000438
_DATAEE_ReadByte                             text98       006800
_DATAEE_WriteByte                            text51       0062C6
_EEADR                                       (abs)        000FA9
_EECON1bits                                  (abs)        000FA6
_EECON2                                      (abs)        000FA7
_EEDATA                                      (abs)        000FA8
_EUSART_FlushBuffer                          text38       00603C
_EUSART_Initialize                           text94       006200
_EUSART_Read                                 text79       00616E
_EUSART_Receive_ISR                          text135      00645E
_EUSART_Transmit_ISR                         text134      0063EC
_EUSART_Write                                text78       0061B8
_EndLine                                     text61       006894
_GIE                                         (abs)        007F97
_INTCON3bits                                 (abs)        000FF0
_INTCONbits                                  (abs)        000FF2
_INTERRUPT_InterruptManager                  intcode      000008
_IOCCbits                                    (abs)        000F87
_IPR3bits                                    (abs)        000FA5
_LATAbits                                    (abs)        000F89
_LATBbits                                    (abs)        000F8A
_LATCbits                                    (abs)        000F8B
_LATD                                        (abs)        000F8C
_LATEbits                                    (abs)        000F8D
_LastRS232Out                                bssBANK0     0000E7
_MOTEapp_SetDataRateSetting                  text40       00329C
_MOTEapp_TimerBasedTask                      text58       006696
_MOTEapp_getModuleResponse                   text37       005A50
_MOTEapp_handlerState                        text97       0068CC
_MOTEapp_setResponseReady                    text77       006902
_NextUSBOut                                  bssBANK0     0000E9
_OSCCON                                      (abs)        000FD3
_OSCCON2                                     (abs)        000FD2
_OSCCON2bits                                 (abs)        000FD2
_OSCILLATOR_Initialize                       text93       0067EA
_OSCTUNE                                     (abs)        000F9B
_OledFont0                                   mediumconst  0075A7
_PEIE                                        (abs)        007F96
_PIE1bits                                    (abs)        000F9D
_PIE2bits                                    (abs)        000FA0
_PIE3bits                                    (abs)        000FA3
_PIN_MANAGER_Initialize                      text92       005FE6
_PIR1bits                                    (abs)        000F9E
_PIR2bits                                    (abs)        000FA1
_PIR3bits                                    (abs)        000FA4
_PORTAbits                                   (abs)        000F80
_PORTBbits                                   (abs)        000F81
_PORTCbits                                   (abs)        000F82
_PR2                                         (abs)        000FBB
_RCONbits                                    (abs)        000FD0
_RCREG                                       (abs)        000FAE
_RCSTA                                       (abs)        000FAB
_RCSTAbits                                   (abs)        000FAB
_RS232_Out_Data_Rdy                          bssBANK0     0000E8
_RS232cp                                     bssBANK0     0000E6
_RemoteWakeup                                bssCOMRAM    000049
_SPBRG                                       (abs)        000FAF
_SPBRGH                                      (abs)        000FB0
_SSP1ADD                                     (abs)        000FC8
_SSP1CON1                                    (abs)        000FC6
_SSP1CON1bits                                (abs)        000FC6
_SSP1STAT                                    (abs)        000FC7
_SSP1STATbits                                (abs)        000FC7
_SSPBUF                                      (abs)        000FC9
_SYSTEM_Initialize                           text85       0066DE
_Set_Column_Address                          text71       006740
_Set_Page_Address                            text70       006790
_SetupPkt                                    (abs)        000430
_T1CON                                       (abs)        000FCD
_T1CONbits                                   (abs)        000FCD
_T1GCON                                      (abs)        000FCC
_T1GCONbits                                  (abs)        000FCC
_T2CON                                       (abs)        000FBA
_T2CONbits                                   (abs)        000FBA
_T3CON                                       (abs)        000FB1
_T3CONbits                                   (abs)        000FB1
_T3GCON                                      (abs)        000FB4
_T3GCONbits                                  (abs)        000FB4
_TABLAT                                      (abs)        000FF5
_TBLPTRH                                     (abs)        000FF7
_TBLPTRL                                     (abs)        000FF6
_TBLPTRU                                     (abs)        000FF8
_TMR1H                                       (abs)        000FCF
_TMR1L                                       (abs)        000FCE
_TMR1_ISR                                    text133      0068A2
_TMR1_Initialize                             text90       006426
_TMR1_StartTimer                             text91       006916
_TMR2                                        (abs)        000FBC
_TMR2_Initialize                             text88       00682A
_TMR2_ReadTimer                              text39       0068AE
_TMR2_StartTimer                             text89       006912
_TMR3                                        (abs)        000FB2
_TMR3H                                       (abs)        000FB3
_TMR3L                                       (abs)        000FB2
_TMR3_ISR                                    text132      006722
_TMR3_Initialize                             text86       006700
_TMR3_StartTimer                             text87       00690E
_TMRapp_ClearBitFlags                        text57       0068DE
_TMRapp_Handler                              text54       0036AE
_TMRapp_Tick                                 text131      006908
_TRISAbits                                   (abs)        000F92
_TRISBbits                                   (abs)        000F93
_TRISCbits                                   (abs)        000F94
_TRISD                                       (abs)        000F95
_TRISEbits                                   (abs)        000F96
_TXREG                                       (abs)        000FAD
_TXSTA                                       (abs)        000FAC
_TXSTAbits                                   (abs)        000FAC
_UADDR                                       (abs)        000F63
_UCFG                                        (abs)        000F62
_UCON                                        (abs)        000F60
_UCONbits                                    (abs)        000F60
_UEIE                                        (abs)        000F66
_UEIR                                        (abs)        000F67
_UEP0                                        (abs)        000F6A
_UEP0bits                                    (abs)        000F6A
_UEP1                                        (abs)        000F6B
_UIE                                         (abs)        000F64
_UIEbits                                     (abs)        000F64
_UIR                                         (abs)        000F65
_UIRbits                                     (abs)        000F65
_USART_mySetLineCodingHandler                text128      005F34
_USBActiveConfiguration                      bssCOMRAM    00005A
_USBAlternateInterface                       bssCOMRAM    000057
_USBBusIsSuspended                           bssBANK1     000159
_USBCheckCDCRequest                          text122      004C7A
_USBCheckStdRequest                          text110      0041BC
_USBConfigureEndpoint                        text121      005710
_USBCtrlEPAllowDataStage                     text109      005672
_USBCtrlEPAllowStatusStage                   text125      004FAA
_USBCtrlEPService                            text106      004E18
_USBCtrlEPServiceComplete                    text108      0040C8
_USBCtrlTrfInHandler                         text126      004494
_USBCtrlTrfOutHandler                        text123      005ED8
_USBCtrlTrfRxService                         text124      00356E
_USBCtrlTrfSetupHandler                      text107      005834
_USBCtrlTrfTxService                         text127      004918
_USBDeferINDataStagePackets                  bssCOMRAM    000042
_USBDeferOUTDataStagePackets                 bssCOMRAM    000041
_USBDeferStatusStagePacket                   bssCOMRAM    000045
_USBDeviceAttach                             text84       006500
_USBDeviceInit                               text82       003416
_USBDeviceState                              bssBANK0     0000ED
_USBDeviceTasks                              text101      003A62
_USBEnableEndpoint                           text120      006302
_USBStallHandler                             text105      006242
_USBStatusStageEnabledFlag1                  bssCOMRAM    000044
_USBStatusStageEnabledFlag2                  bssCOMRAM    000043
_USBStatusStageTimeoutCounter                bssCOMRAM    000046
_USBStdFeatureReqHandler                     text115      002B36
_USBStdGetDscHandler                         text114      0037EC
_USBStdGetStatusHandler                      text113      00506E
_USBStdSetCfgHandler                         text111      004754
_USBSuspend                                  text104      00661C
_USBTransferOnePacket                        text81       004ACE
_USBWakeFromSuspend                          text103      006596
_USB_Buffer                                  bssBANK2     000280
_USB_CD_Ptr                                  mediumconst  0075A5
_USB_SD_Ptr                                  mediumconst  00759F
_USBapp_CdcEmulatorInitialize                text117      005DC2
_USBapp_DeviceCdcEmulatorHandler             text73       003DCE
_USBapp_Handler                              text63       004D4A
_USBapp_exitCDC                              text53       0068F6
_USBapp_exitCDCState                         text52       0068B8
_USBapp_getrxByteFlag                        text76       0068FC
_USBapp_handlerState                         text62       0068C2
_USBapp_setrxByteFlag                        text100      0068E6
_USER_USB_CALLBACK_EVENT_HANDLER             text116      005E7C
_USTAT                                       (abs)        000F61
_USTATcopy                                   bssCOMRAM    000059
_VREFCON0                                    (abs)        000F7D
_VREFCON0bits                                (abs)        000F7D
_WDTCONbits                                  (abs)        000FD1
__CFG_BOREN$SBORDIS                          (abs)        000000
__CFG_BORV$190                               (abs)        000000
__CFG_CCP2MX$RC1                             (abs)        000000
__CFG_CFGPLLEN$OFF                           (abs)        000000
__CFG_CP0$OFF                                (abs)        000000
__CFG_CP1$OFF                                (abs)        000000
__CFG_CP2$OFF                                (abs)        000000
__CFG_CP3$OFF                                (abs)        000000
__CFG_CPB$OFF                                (abs)        000000
__CFG_CPD$OFF                                (abs)        000000
__CFG_CPUDIV$NOCLKDIV                        (abs)        000000
__CFG_EBTR0$OFF                              (abs)        000000
__CFG_EBTR1$OFF                              (abs)        000000
__CFG_EBTR2$OFF                              (abs)        000000
__CFG_EBTR3$OFF                              (abs)        000000
__CFG_EBTRB$OFF                              (abs)        000000
__CFG_FCMEN$OFF                              (abs)        000000
__CFG_FOSC$INTOSCIO                          (abs)        000000
__CFG_ICPRT$OFF                              (abs)        000000
__CFG_IESO$OFF                               (abs)        000000
__CFG_LS48MHZ$SYS48X8                        (abs)        000000
__CFG_LVP$OFF                                (abs)        000000
__CFG_MCLRE$ON                               (abs)        000000
__CFG_PBADEN$OFF                             (abs)        000000
__CFG_PCLKEN$OFF                             (abs)        000000
__CFG_PLLSEL$PLL3X                           (abs)        000000
__CFG_SDOMX$RB3                              (abs)        000000
__CFG_STVREN$ON                              (abs)        000000
__CFG_T3CMX$RC0                              (abs)        000000
__CFG_WDTEN$SWON                             (abs)        000000
__CFG_WDTPS$8192                             (abs)        000000
__CFG_WRT0$OFF                               (abs)        000000
__CFG_WRT1$OFF                               (abs)        000000
__CFG_WRT2$OFF                               (abs)        000000
__CFG_WRT3$OFF                               (abs)        000000
__CFG_WRTB$OFF                               (abs)        000000
__CFG_WRTC$OFF                               (abs)        000000
__CFG_WRTD$OFF                               (abs)        000000
__CFG_XINST$OFF                              (abs)        000000
__CFG_nLPBOR$ON                              (abs)        000000
__CFG_nPWRTEN$OFF                            (abs)        000000
__HRAM                                       (abs)        000000
__Habs1                                      abs1         000000
__Hbank0                                     bank0        000000
__Hbank1                                     bank1        000000
__Hbank2                                     bank2        000000
__Hbank3                                     bank3        000000
__Hbank4                                     bank4        000000
__Hbank5                                     bank5        000000
__Hbank6                                     bank6        000000
__Hbank7                                     bank7        000000
__Hbigbss                                    bigbss       000000
__Hbigdata                                   bigdata      000000
__Hbigram                                    bigram       000000
__HbitbssCOMRAM                              bitbssCOMRAM 000000
__Hbss                                       bss          000000
__HbssBANK0                                  bssBANK0     000000
__HbssBANK1                                  bssBANK1     000000
__HbssBANK2                                  bssBANK2     000000
__HbssCOMRAM                                 bssCOMRAM    000000
__Hcinit                                     cinit        000000
__Hclrtext                                   clrtext      000000
__Hcomram                                    comram       000000
__Hconfig                                    config       30000E
__Hconst                                     const        000000
__HcstackBANK0                               cstackBANK0  000000
__HcstackCOMRAM                              cstackCOMRAM 000000
__Hdata                                      data         000000
__HdataBANK0                                 dataBANK0    000000
__HdataBANK1                                 dataBANK1    000000
__HdataCOMRAM                                dataCOMRAM   000000
__Heeprom_data                               eeprom_data  000000
__Hfarbss                                    farbss       000000
__Hfardata                                   fardata      000000
__Hibigdata                                  ibigdata     000000
__Hidata                                     idata        000000
__HidataBANK0                                idataBANK0   000000
__HidataBANK1                                idataBANK1   000000
__HidataCOMRAM                               idataCOMRAM  000000
__Hidloc                                     idloc        200008
__Hifardata                                  ifardata     000000
__Hinit                                      init         0000E8
__Hintcode                                   intcode      0000E4
__Hintcode_body                              intcode_body 000000
__Hintcodelo                                 intcodelo    0000E4
__Hintentry                                  intentry     000000
__Hintret                                    intret       000000
__Hintsave_regs                              intsave_regs 000000
__Hirdata                                    irdata       000000
__Hmediumconst                               mediumconst  008000
__HnvFARRAM                                  nvFARRAM     000000
__Hnvbit                                     nvbit        000000
__Hnvrram                                    nvrram       000000
__Hparam                                     rparam       000000
__Hpowerup                                   powerup      0000E4
__Hram                                       ram          000000
__Hramtop                                    ramtop       000800
__Hrbit                                      rbit         000000
__Hrbss                                      rbss         000000
__Hrdata                                     rdata        000000
__Hreset_vec                                 reset_vec    000004
__Hrparam                                    rparam       000000
__Hsfr                                       sfr          000000
__Hsmallconst                                smallconst   000000
__Hspace_0                                   (abs)        30000E
__Hspace_1                                   (abs)        0002E9
__Hspace_2                                   (abs)        000000
__Hstack                                     stack        000000
__Hstruct                                    struct       000000
__Htemp                                      temp         00005F
__Htext                                      text         000000
__Htext0                                     text0        000000
__Htext1                                     text1        000000
__Htext10                                    text10       000000
__Htext100                                   text100      000000
__Htext101                                   text101      000000
__Htext102                                   text102      000000
__Htext103                                   text103      000000
__Htext104                                   text104      000000
__Htext105                                   text105      000000
__Htext106                                   text106      000000
__Htext107                                   text107      000000
__Htext108                                   text108      000000
__Htext109                                   text109      000000
__Htext11                                    text11       000000
__Htext110                                   text110      000000
__Htext111                                   text111      000000
__Htext112                                   text112      000000
__Htext113                                   text113      000000
__Htext114                                   text114      000000
__Htext115                                   text115      000000
__Htext116                                   text116      000000
__Htext117                                   text117      000000
__Htext118                                   text118      000000
__Htext119                                   text119      000000
__Htext12                                    text12       000000
__Htext120                                   text120      000000
__Htext121                                   text121      000000
__Htext122                                   text122      000000
__Htext123                                   text123      000000
__Htext124                                   text124      000000
__Htext125                                   text125      000000
__Htext126                                   text126      000000
__Htext127                                   text127      000000
__Htext128                                   text128      000000
__Htext129                                   text129      000000
__Htext13                                    text13       000000
__Htext130                                   text130      000000
__Htext131                                   text131      000000
__Htext132                                   text132      000000
__Htext133                                   text133      000000
__Htext134                                   text134      000000
__Htext135                                   text135      000000
__Htext136                                   text136      000000
__Htext137                                   text137      000000
__Htext14                                    text14       000000
__Htext15                                    text15       000000
__Htext16                                    text16       000000
__Htext17                                    text17       000000
__Htext18                                    text18       000000
__Htext19                                    text19       000000
__Htext2                                     text2        000000
__Htext20                                    text20       000000
__Htext21                                    text21       000000
__Htext22                                    text22       000000
__Htext23                                    text23       000000
__Htext24                                    text24       000000
__Htext25                                    text25       000000
__Htext26                                    text26       000000
__Htext27                                    text27       000000
__Htext28                                    text28       000000
__Htext29                                    text29       000000
__Htext3                                     text3        000000
__Htext30                                    text30       000000
__Htext31                                    text31       000000
__Htext32                                    text32       000000
__Htext33                                    text33       000000
__Htext34                                    text34       000000
__Htext35                                    text35       000000
__Htext36                                    text36       000000
__Htext37                                    text37       000000
__Htext38                                    text38       000000
__Htext39                                    text39       000000
__Htext4                                     text4        000000
__Htext40                                    text40       000000
__Htext41                                    text41       000000
__Htext42                                    text42       000000
__Htext43                                    text43       000000
__Htext44                                    text44       000000
__Htext45                                    text45       000000
__Htext46                                    text46       000000
__Htext47                                    text47       000000
__Htext48                                    text48       000000
__Htext49                                    text49       000000
__Htext5                                     text5        000000
__Htext50                                    text50       000000
__Htext51                                    text51       000000
__Htext52                                    text52       000000
__Htext53                                    text53       000000
__Htext54                                    text54       000000
__Htext55                                    text55       000000
__Htext56                                    text56       000000
__Htext57                                    text57       000000
__Htext58                                    text58       000000
__Htext59                                    text59       000000
__Htext6                                     text6        000000
__Htext60                                    text60       000000
__Htext61                                    text61       000000
__Htext62                                    text62       000000
__Htext63                                    text63       000000
__Htext64                                    text64       000000
__Htext65                                    text65       000000
__Htext66                                    text66       000000
__Htext67                                    text67       000000
__Htext68                                    text68       000000
__Htext69                                    text69       000000
__Htext7                                     text7        000000
__Htext70                                    text70       000000
__Htext71                                    text71       000000
__Htext72                                    text72       000000
__Htext73                                    text73       000000
__Htext74                                    text74       000000
__Htext75                                    text75       000000
__Htext76                                    text76       000000
__Htext77                                    text77       000000
__Htext78                                    text78       000000
__Htext79                                    text79       000000
__Htext8                                     text8        000000
__Htext80                                    text80       000000
__Htext81                                    text81       000000
__Htext82                                    text82       000000
__Htext83                                    text83       000000
__Htext84                                    text84       000000
__Htext85                                    text85       000000
__Htext86                                    text86       000000
__Htext87                                    text87       000000
__Htext88                                    text88       000000
__Htext89                                    text89       000000
__Htext9                                     text9        000000
__Htext90                                    text90       000000
__Htext91                                    text91       000000
__Htext92                                    text92       000000
__Htext93                                    text93       000000
__Htext94                                    text94       000000
__Htext95                                    text95       000000
__Htext96                                    text96       000000
__Htext97                                    text97       000000
__Htext98                                    text98       000000
__LRAM                                       (abs)        000001
__Labs1                                      abs1         000000
__Lbank0                                     bank0        000000
__Lbank1                                     bank1        000000
__Lbank2                                     bank2        000000
__Lbank3                                     bank3        000000
__Lbank4                                     bank4        000000
__Lbank5                                     bank5        000000
__Lbank6                                     bank6        000000
__Lbank7                                     bank7        000000
__Lbigbss                                    bigbss       000000
__Lbigdata                                   bigdata      000000
__Lbigram                                    bigram       000000
__LbitbssCOMRAM                              bitbssCOMRAM 000000
__Lbss                                       bss          000000
__LbssBANK0                                  bssBANK0     000000
__LbssBANK1                                  bssBANK1     000000
__LbssBANK2                                  bssBANK2     000000
__LbssCOMRAM                                 bssCOMRAM    000000
__Lcinit                                     cinit        000000
__Lclrtext                                   clrtext      000000
__Lcomram                                    comram       000000
__Lconfig                                    config       300000
__Lconst                                     const        000000
__LcstackBANK0                               cstackBANK0  000000
__LcstackCOMRAM                              cstackCOMRAM 000000
__Ldata                                      data         000000
__LdataBANK0                                 dataBANK0    000000
__LdataBANK1                                 dataBANK1    000000
__LdataCOMRAM                                dataCOMRAM   000000
__Leeprom_data                               eeprom_data  000000
__Lfarbss                                    farbss       000000
__Lfardata                                   fardata      000000
__Libigdata                                  ibigdata     000000
__Lidata                                     idata        000000
__LidataBANK0                                idataBANK0   000000
__LidataBANK1                                idataBANK1   000000
__LidataCOMRAM                               idataCOMRAM  000000
__Lidloc                                     idloc        200000
__Lifardata                                  ifardata     000000
__Linit                                      init         0000E4
__Lintcode                                   intcode      000008
__Lintcode_body                              intcode_body 000000
__Lintcodelo                                 intcodelo    0000E4
__Lintentry                                  intentry     000000
__Lintret                                    intret       000000
__Lintsave_regs                              intsave_regs 000000
__Lirdata                                    irdata       000000
__Lmediumconst                               mediumconst  00759E
__LnvFARRAM                                  nvFARRAM     000000
__Lnvbit                                     nvbit        000000
__Lnvrram                                    nvrram       000000
__Lparam                                     rparam       000000
__Lpowerup                                   powerup      0000E4
__Lram                                       ram          000000
__Lramtop                                    ramtop       000800
__Lrbit                                      rbit         000000
__Lrbss                                      rbss         000000
__Lrdata                                     rdata        000000
__Lreset_vec                                 reset_vec    000000
__Lrparam                                    rparam       000000
__Lsfr                                       sfr          000000
__Lsmallconst                                smallconst   000000
__Lspace_0                                   (abs)        000000
__Lspace_1                                   (abs)        000000
__Lspace_2                                   (abs)        000000
__Lstack                                     stack        000000
__Lstruct                                    struct       000000
__Ltemp                                      temp         00005E
__Ltext                                      text         000000
__Ltext0                                     text0        000000
__Ltext1                                     text1        000000
__Ltext10                                    text10       000000
__Ltext100                                   text100      000000
__Ltext101                                   text101      000000
__Ltext102                                   text102      000000
__Ltext103                                   text103      000000
__Ltext104                                   text104      000000
__Ltext105                                   text105      000000
__Ltext106                                   text106      000000
__Ltext107                                   text107      000000
__Ltext108                                   text108      000000
__Ltext109                                   text109      000000
__Ltext11                                    text11       000000
__Ltext110                                   text110      000000
__Ltext111                                   text111      000000
__Ltext112                                   text112      000000
__Ltext113                                   text113      000000
__Ltext114                                   text114      000000
__Ltext115                                   text115      000000
__Ltext116                                   text116      000000
__Ltext117                                   text117      000000
__Ltext118                                   text118      000000
__Ltext119                                   text119      000000
__Ltext12                                    text12       000000
__Ltext120                                   text120      000000
__Ltext121                                   text121      000000
__Ltext122                                   text122      000000
__Ltext123                                   text123      000000
__Ltext124                                   text124      000000
__Ltext125                                   text125      000000
__Ltext126                                   text126      000000
__Ltext127                                   text127      000000
__Ltext128                                   text128      000000
__Ltext129                                   text129      000000
__Ltext13                                    text13       000000
__Ltext130                                   text130      000000
__Ltext131                                   text131      000000
__Ltext132                                   text132      000000
__Ltext133                                   text133      000000
__Ltext134                                   text134      000000
__Ltext135                                   text135      000000
__Ltext136                                   text136      000000
__Ltext137                                   text137      000000
__Ltext14                                    text14       000000
__Ltext15                                    text15       000000
__Ltext16                                    text16       000000
__Ltext17                                    text17       000000
__Ltext18                                    text18       000000
__Ltext19                                    text19       000000
__Ltext2                                     text2        000000
__Ltext20                                    text20       000000
__Ltext21                                    text21       000000
__Ltext22                                    text22       000000
__Ltext23                                    text23       000000
__Ltext24                                    text24       000000
__Ltext25                                    text25       000000
__Ltext26                                    text26       000000
__Ltext27                                    text27       000000
__Ltext28                                    text28       000000
__Ltext29                                    text29       000000
__Ltext3                                     text3        000000
__Ltext30                                    text30       000000
__Ltext31                                    text31       000000
__Ltext32                                    text32       000000
__Ltext33                                    text33       000000
__Ltext34                                    text34       000000
__Ltext35                                    text35       000000
__Ltext36                                    text36       000000
__Ltext37                                    text37       000000
__Ltext38                                    text38       000000
__Ltext39                                    text39       000000
__Ltext4                                     text4        000000
__Ltext40                                    text40       000000
__Ltext41                                    text41       000000
__Ltext42                                    text42       000000
__Ltext43                                    text43       000000
__Ltext44                                    text44       000000
__Ltext45                                    text45       000000
__Ltext46                                    text46       000000
__Ltext47                                    text47       000000
__Ltext48                                    text48       000000
__Ltext49                                    text49       000000
__Ltext5                                     text5        000000
__Ltext50                                    text50       000000
__Ltext51                                    text51       000000
__Ltext52                                    text52       000000
__Ltext53                                    text53       000000
__Ltext54                                    text54       000000
__Ltext55                                    text55       000000
__Ltext56                                    text56       000000
__Ltext57                                    text57       000000
__Ltext58                                    text58       000000
__Ltext59                                    text59       000000
__Ltext6                                     text6        000000
__Ltext60                                    text60       000000
__Ltext61                                    text61       000000
__Ltext62                                    text62       000000
__Ltext63                                    text63       000000
__Ltext64                                    text64       000000
__Ltext65                                    text65       000000
__Ltext66                                    text66       000000
__Ltext67                                    text67       000000
__Ltext68                                    text68       000000
__Ltext69                                    text69       000000
__Ltext7                                     text7        000000
__Ltext70                                    text70       000000
__Ltext71                                    text71       000000
__Ltext72                                    text72       000000
__Ltext73                                    text73       000000
__Ltext74                                    text74       000000
__Ltext75                                    text75       000000
__Ltext76                                    text76       000000
[...]
      Locals:         0       0       0       0       0       0       0       0       0
      Temps:          0       0       0       0       0       0       0       0       0
      Totals:         0       0       0       0       0       0       0       0       0
Total ram usage:        0 bytes
 Hardware stack levels used:    1
 This function calls:
		Nothing
 This function is called by:
		_USBapp_CdcEmulatorInitialize
		_USART_mySetLineCodingHandler
 This function uses a non-reentrant model


 *************** function ___lldiv *****************
 Defined at:
		line 8 in file "C:\Program Files (x86)\Microchip\xc8\v1.43\sources\common\lldiv.c"
 Parameters:    Size  Location     Type
  dividend        4    0[COMRAM] unsigned long 
  divisor         4    4[COMRAM] unsigned long 
 Auto vars:     Size  Location     Type
  quotient        4    8[COMRAM] unsigned long 
  counter         1   12[COMRAM] unsigned char 
 Return value:  Size  Location     Type
                  4    0[COMRAM] unsigned long 
 Registers used:
		wreg, status,2, status,0
 Tracked objects:
		On entry : 
		On exit  : 
		Unchanged: 
 Data sizes:     COMRAM   BANK0   BANK1   BANK2   BANK3   BANK4   BANK5   BANK6   BANK7
      Params:         8       0       0       0       0       0       0       0       0
      Locals:         5       0       0       0       0       0       0       0       0
      Temps:          0       0       0       0       0       0       0       0       0
      Totals:        13       0       0       0       0       0       0       0       0
Total ram usage:       13 bytes
 Hardware stack levels used:    1
 This function calls:
		Nothing
 This function is called by:
		_USART_mySetLineCodingHandler
 This function uses a non-reentrant model


 *************** function _TMRapp_Tick *****************
 Defined at:
		line 45 in file "../Includes/Drivers/TMRapp.c"
 Parameters:    Size  Location     Type
		None
 Auto vars:     Size  Location     Type
		None
 Return value:  Size  Location     Type
                  1    wreg      void 
 Registers used:
		None
 Tracked objects:
		On entry : 
		On exit  : 
		Unchanged: 
 Data sizes:     COMRAM   BANK0   BANK1   BANK2   BANK3   BANK4   BANK5   BANK6   BANK7
      Params:         0       0       0       0       0       0       0       0       0
      Locals:         0       0       0       0       0       0       0       0       0
      Temps:          0       0       0       0       0       0       0       0       0
      Totals:         0       0       0       0       0       0       0       0       0
Total ram usage:        0 bytes
 Hardware stack levels used:    1
 This function calls:
		Nothing
 This function is called by:
		_INTERRUPT_InterruptManager
 This function uses a non-reentrant model


 *************** function _TMR3_ISR *****************
 Defined at:
		line 161 in file "../Includes/MccGenerated/tmr3.c"
 Parameters:    Size  Location     Type
		None
 Auto vars:     Size  Location     Type
		None
 Return value:  Size  Location     Type
                  1    wreg      void 
 Registers used:
		wreg, status,2
 Tracked objects:
		On entry : 
		On exit  : 
		Unchanged: 
 Data sizes:     COMRAM   BANK0   BANK1   BANK2   BANK3   BANK4   BANK5   BANK6   BANK7
      Params:         0       0       0       0       0       0       0       0       0
      Locals:         0       0       0       0       0       0       0       0       0
      Temps:          0       0       0       0       0       0       0       0       0
      Totals:         0       0       0       0       0       0       0       0       0
Total ram usage:        0 bytes
 Hardware stack levels used:    1
 This function calls:
		Nothing
 This function is called by:
		_INTERRUPT_InterruptManager
 This function uses a non-reentrant model


 *************** function _TMR1_ISR *****************
 Defined at:
		line 152 in file "../Includes/MccGenerated/tmr1.c"
 Parameters:    Size  Location     Type
		None
 Auto vars:     Size  Location     Type
		None
 Return value:  Size  Location     Type
                  1    wreg      void 
 Registers used:
		wreg, status,2
 Tracked objects:
		On entry : 
		On exit  : 
		Unchanged: 
 Data sizes:     COMRAM   BANK0   BANK1   BANK2   BANK3   BANK4   BANK5   BANK6   BANK7
      Params:         0       0       0       0       0       0       0       0       0
      Locals:         0       0       0       0       0       0       0       0       0
      Temps:          0       0       0       0       0       0       0       0       0
      Totals:         0       0       0       0       0       0       0       0       0
Total ram usage:        0 bytes
 Hardware stack levels used:    1
 This function calls:
		Nothing
 This function is called by:
		_INTERRUPT_InterruptManager
 This function uses a non-reentrant model


 *************** function _EUSART_Transmit_ISR *****************
 Defined at:
		line 162 in file "../Includes/MccGenerated/eusart.c"
 Parameters:    Size  Location     Type
		None
 Auto vars:     Size  Location     Type
		None
 Return value:  Size  Location     Type
                  1    wreg      void 
 Registers used:
		wreg, fsr2l, fsr2h, status,2, status,0, prodl, prodh
 Tracked objects:
		On entry : 
		On exit  : 
		Unchanged: 
 Data sizes:     COMRAM   BANK0   BANK1   BANK2   BANK3   BANK4   BANK5   BANK6   BANK7
      Params:         0       0       0       0       0       0       0       0       0
      Locals:         0       0       0       0       0       0       0       0       0
      Temps:          0       0       0       0       0       0       0       0       0
      Totals:         0       0       0       0       0       0       0       0       0
Total ram usage:        0 bytes
 Hardware stack levels used:    1
 This function calls:
		Nothing
 This function is called by:
		_INTERRUPT_InterruptManager
 This function uses a non-reentrant model


 *************** function _EUSART_Receive_ISR *****************
 Defined at:
		line 181 in file "../Includes/MccGenerated/eusart.c"
 Parameters:    Size  Location     Type
		None
 Auto vars:     Size  Location     Type
		None
 Return value:  Size  Location     Type
                  1    wreg      void 
 Registers used:
		wreg, fsr2l, fsr2h, status,2, status,0, prodl, prodh
 Tracked objects:
		On entry : 
		On exit  : 
		Unchanged: 
 Data sizes:     COMRAM   BANK0   BANK1   BANK2   BANK3   BANK4   BANK5   BANK6   BANK7
      Params:         0       0       0       0       0       0       0       0       0
      Locals:         0       0       0       0       0       0       0       0       0
      Temps:          0       0       0       0       0       0       0       0       0
      Totals:         0       0       0       0       0       0       0       0       0
Total ram usage:        0 bytes
 Hardware stack levels used:    1
 This function calls:
		Nothing
 This function is called by:
		_INTERRUPT_InterruptManager
 This function uses a non-reentrant model


 *************** function _CMP1_ISR *****************
 Defined at:
		line 95 in file "../Includes/MccGenerated/cmp1.c"
 Parameters:    Size  Location     Type
		None
 Auto vars:     Size  Location     Type
		None
 Return value:  Size  Location     Type
                  1    wreg      void 
 Registers used:
		None
 Tracked objects:
		On entry : 
		On exit  : 
		Unchanged: 
 Data sizes:     COMRAM   BANK0   BANK1   BANK2   BANK3   BANK4   BANK5   BANK6   BANK7
      Params:         0       0       0       0       0       0       0       0       0
      Locals:         0       0       0       0       0       0       0       0       0
      Temps:          0       0       0       0       0       0       0       0       0
      Totals:         0       0       0       0       0       0       0       0       0
Total ram usage:        0 bytes
 Hardware stack levels used:    1
 This function calls:
		Nothing
 This function is called by:
		_INTERRUPT_InterruptManager
 This function uses a non-reentrant model



MODULE INFORMATION

Module		Function		Class		Link	Load	Size
../Includes/MccGenerated/cmp1.c
		_CMP1_ISR      		CODE           	691A	0000	5
		_CMP1_Initialize		CODE           	6862	0000	19

../Includes/MccGenerated/cmp1.c estimated size: 24

../Includes/MccGenerated/pin_manager.c
		_PIN_MANAGER_Initialize		CODE           	5FE6	0000	87

../Includes/MccGenerated/pin_manager.c estimated size: 87

C:\Program Files (x86)\Microchip\xc8\v1.43\sources\common\sprcadd.c
		___fladd       		CODE           	1B2A	0000	1193

C:\Program Files (x86)\Microchip\xc8\v1.43\sources\common\sprcadd.c estimated size: 1193

C:\Program Files (x86)\Microchip\xc8\v1.43\sources\common\xxtofl.c
		___xxtofl      		CODE           	2DBC	0000	463

C:\Program Files (x86)\Microchip\xc8\v1.43\sources\common\xxtofl.c estimated size: 463

C:\Program Files (x86)\Microchip\xc8\v1.43\sources\common\almod.c
		___almod       		CODE           	43A2	0000	243

C:\Program Files (x86)\Microchip\xc8\v1.43\sources\common\almod.c estimated size: 243

../Includes/Usb/Framework/usb_device.c
		_USBCtrlTrfInHandler		CODE           	4494	0000	239
		_USBTransferOnePacket		CODE           	4ACE	0000	217
		_USBDeviceAttach		CODE           	6500	0000	53
		_USBStdGetDscHandler		CODE           	37EC	0000	317
		_USBCtrlEPAllowDataStage		CODE           	5672	0000	159
		_USBStdFeatureReqHandler		CODE           	2B36	0000	647
		_USBCtrlEPAllowStatusStage		CODE           	4FAA	0000	197
		_USBCtrlTrfSetupHandler		CODE           	5834	0000	143
		_USBCtrlTrfOutHandler		CODE           	5ED8	0000	93
		_USBCtrlEPServiceComplete		CODE           	40C8	0000	245
		_USBSuspend    		CODE           	661C	0000	43
		_USBStdSetCfgHandler		CODE           	4754	0000	231
		_USBStdGetStatusHandler		CODE           	506E	0000	187
		_USBWakeFromSuspend		CODE           	6596	0000	49
		_USBCtrlTrfRxService		CODE           	356E	0000	321
		_USBCtrlTrfTxService		CODE           	4918	0000	221
		_USBEnableEndpoint		CODE           	6302	0000	61
		_USBConfigureEndpoint		CODE           	5710	0000	149
		_USBDeviceInit 		CODE           	3416	0000	345
		_USBCtrlEPService		CODE           	4E18	0000	207
		_USBStallHandler		CODE           	6242	0000	67
		_USBDeviceTasks		CODE           	3A62	0000	309
		_USBCheckStdRequest		CODE           	41BC	0000	245

../Includes/Usb/Framework/usb_device.c estimated size: 4745

../Includes/Drivers/buttons.c
		_service_pushbutton		CODE           	5ACE	0000	117

../Includes/Drivers/buttons.c estimated size: 117

C:\Program Files (x86)\Microchip\xc8\v1.43\sources\common\fltol.c
		___fltol       		CODE           	3CC2	0000	269

C:\Program Files (x86)\Microchip\xc8\v1.43\sources\common\fltol.c estimated size: 269

C:\Program Files (x86)\Microchip\xc8\v1.43\sources\common\strcmp.c
		_strcmp        		CODE           	5F8E	0000	89

C:\Program Files (x86)\Microchip\xc8\v1.43\sources\common\strcmp.c estimated size: 89

../Includes/MccGenerated/interrupt_manager.c
		_INTERRUPT_InterruptManager		CODE           	0008	0000	221

../Includes/MccGenerated/interrupt_manager.c estimated size: 221

C:\Program Files (x86)\Microchip\xc8\v1.43\sources\common\lldiv.c
		___lldiv       		CODE           	594E	0000	131

C:\Program Files (x86)\Microchip\xc8\v1.43\sources\common\lldiv.c estimated size: 131

C:\Program Files (x86)\Microchip\xc8\v1.43\sources\common\memset.c
		_memset        		CODE           	64CC	0000	53

C:\Program Files (x86)\Microchip\xc8\v1.43\sources\common\memset.c estimated size: 53

../Includes/Board/USBapp.c
		_USBapp_exitCDCState		CODE           	68B8	0000	11
		_USBapp_DeviceCdcEmulatorHandler		CODE           	3DCE	0000	269
		_USBapp_handlerState		CODE           	68C2	0000	11
		_USART_mySetLineCodingHandler		CODE           	5F34	0000	91
		_USBapp_exitCDC		CODE           	68F6	0000	7
		_USER_USB_CALLBACK_EVENT_HANDLER		CODE           	5E7C	0000	93
		_USBapp_getrxByteFlag		CODE           	68FC	0000	7
		_USBapp_setrxByteFlag		CODE           	68E6	0000	9
		_USBapp_Handler		CODE           	4D4A	0000	207
		_USBapp_CdcEmulatorInitialize		CODE           	5DC2	0000	95

../Includes/Board/USBapp.c estimated size: 800

../Includes/MccGenerated/memory.c
		_DATAEE_WriteByte		CODE           	62C6	0000	61
		_DATAEE_ReadByte		CODE           	6800	0000	23

../Includes/MccGenerated/memory.c estimated size: 84

../Includes/Drivers/SSD1306oLED.c
		_oled_displayOff		CODE           	68D6	0000	9
		_Set_Column_Address		CODE           	6740	0000	29
		_oled_powerControl		CODE           	6884	0000	17
		_oled_putString		CODE           	5C22	0000	109
		_oled_clear    		CODE           	675C	0000	27
		_oled_regulorResistorSelect		CODE           	6874	0000	17
		_oled_clearRow 		CODE           	666E	0000	41
		_oled_initialDispayLine		CODE           	683E	0000	19
		_oled_writeCommand		CODE           	67D4	0000	23
		_Set_Page_Address		CODE           	6790	0000	25
		_oled_writeData		CODE           	67BE	0000	23
		_oled_setDisplay		CODE           	65F2	0000	43
		_oled_setContrastControlRegister		CODE           	6816	0000	21
		_oled_init     		CODE           	6534	0000	51
		_oled_devInit  		CODE           	59D0	0000	129
		_oled_putint8  		CODE           	4BA6	0000	213
		_oled_putChar  		CODE           	53E8	0000	169
		_oled_setFont  		CODE           	67A8	0000	23
		_oled_putUint8 		CODE           	5340	0000	169

../Includes/Drivers/SSD1306oLED.c estimated size: 1157

../Includes/MccGenerated/tmr3.c
		_TMR3_ISR      		CODE           	6722	0000	31
		_TMR3_Initialize		CODE           	6700	0000	35
		_TMR3_StartTimer		CODE           	690E	0000	5

../Includes/MccGenerated/tmr3.c estimated size: 71

../Includes/Board/MOTEapp.c
		_moteApp_getHumValue		CODE           	60DA	0000	75
		_moteRunningProcess		CODE           	00E8	0000	5081
		_MOTEapp_setResponseReady		CODE           	6902	0000	7
		_moteApp_getTempValue		CODE           	6090	0000	75
		_hexToStr      		CODE           	6378	0000	59
		_moteApp_clearBuffers		CODE           	51E2	0000	177
		_sendDataCommand		CODE           	49F4	0000	219
		_moteJoiningProcess		CODE           	14C0	0000	1643
		_MOTEapp_TimerBasedTask		CODE           	6696	0000	37
		_moteApp_get2Value		CODE           	6124	0000	75
		_moteApp_GoToSleep		CODE           	466C	0000	233
		_EndLine       		CODE           	6894	0000	15
		_MOTEapp_handlerState		CODE           	68CC	0000	11
		_moduleSleep   		CODE           	6646	0000	41
		_MOTEapp_SetDataRateSetting		CODE           	329C	0000	379
		_sendCommand   		CODE           	6566	0000	49
		_moteApp_toggleLeds		CODE           	3FD4	0000	245
		_moteApp_delayms		CODE           	63B2	0000	59
		_moteApp_add8bToDataBuffer		CODE           	483A	0000	223
		_moteHandler   		CODE           	2838	0000	767
		_moteApp_clearCommand		CODE           	6850	0000	19
		_MOTEapp_getModuleResponse		CODE           	5A50	0000	127
		_moduleResync  		CODE           	58C2	0000	141
		_moteApp_testSensors		CODE           	2F8A	0000	403
		_moteApp_setSensorsInput		CODE           	4EE6	0000	197
		_moteApp_convertSensorValue		CODE           	55D4	0000	159

../Includes/Board/MOTEapp.c estimated size: 10516

../Includes/MccGenerated/tmr1.c
		_TMR1_Initialize		CODE           	6426	0000	57
		_TMR1_StartTimer		CODE           	6916	0000	5
		_TMR1_ISR      		CODE           	68A2	0000	13

../Includes/MccGenerated/tmr1.c estimated size: 75

../Includes/MccGenerated/adc.c
		_ADC_TempConversion		CODE           	42B0	0000	243
		_ADC_Initialize		CODE           	6776	0000	27

../Includes/MccGenerated/adc.c estimated size: 270

shared
		_configDescriptor1		MEDIUMCONST    	78A7	0000	68
		_USB_CD_Ptr    		MEDIUMCONST    	75A5	0000	3
		_sd001         		MEDIUMCONST    	791E	0000	53
		_OledFont0     		MEDIUMCONST    	75A7	0000	769
		_sd002         		MEDIUMCONST    	78EA	0000	53
		i2_EUSART_Initialize		CODE           	6284	0000	67
		i2_USBDeviceInit		CODE           	3928	0000	315
		__initialization		CODE           	57A4	0000	131
		_device_dsc    		MEDIUMCONST    	7952	0000	19
		_USB_SD_Ptr    		MEDIUMCONST    	759F	0000	7
		i2_memset      		CODE           	65C6	0000	45
		_sd000         		MEDIUMCONST    	7964	0000	5
		i2_USBTransferOnePacket		CODE           	5128	0000	187

shared estimated size: 1722

C:\Program Files (x86)\Microchip\xc8\v1.43\sources\common\lbdiv.c
		___lbdiv       		CODE           	5E20	0000	93

C:\Program Files (x86)\Microchip\xc8\v1.43\sources\common\lbdiv.c estimated size: 93

../Includes/MccGenerated/eusart.c
		_EUSART_Read   		CODE           	616E	0000	75
		_EUSART_Write  		CODE           	61B8	0000	73
		_EUSART_Transmit_ISR		CODE           	63EC	0000	59
		_EUSART_Initialize		CODE           	6200	0000	67
		_EUSART_Receive_ISR		CODE           	645E	0000	57
		_EUSART_FlushBuffer		CODE           	603C	0000	85

../Includes/MccGenerated/eusart.c estimated size: 416

C:\Program Files (x86)\Microchip\xc8\v1.43\sources\common\strncmp.c
		_strncmp       		CODE           	5532	0000	163

C:\Program Files (x86)\Microchip\xc8\v1.43\sources\common\strncmp.c estimated size: 163

../Includes/Drivers/TMRapp.c
		_TMRapp_ClearBitFlags		CODE           	68DE	0000	9
		_TMRapp_Tick   		CODE           	6908	0000	7
		_TMRapp_Handler		CODE           	36AE	0000	319

../Includes/Drivers/TMRapp.c estimated size: 335

C:\Program Files (x86)\Microchip\xc8\v1.43\sources\common\sprcmul.c
		___flmul       		CODE           	1FD2	0000	1191

C:\Program Files (x86)\Microchip\xc8\v1.43\sources\common\sprcmul.c estimated size: 1191

C:\Program Files (x86)\Microchip\xc8\v1.43\sources\common\Umul16.c
		___wmul        		CODE           	6496	0000	55

C:\Program Files (x86)\Microchip\xc8\v1.43\sources\common\Umul16.c estimated size: 55

C:\Program Files (x86)\Microchip\xc8\v1.43\sources\common\sprcdiv.c
		___fldiv       		CODE           	2478	0000	961

C:\Program Files (x86)\Microchip\xc8\v1.43\sources\common\sprcdiv.c estimated size: 961

../Includes/MccGenerated/mcc.c
		_OSCILLATOR_Initialize		CODE           	67EA	0000	23
		_SYSTEM_Initialize		CODE           	66DE	0000	35

../Includes/MccGenerated/mcc.c estimated size: 58

C:\Program Files (x86)\Microchip\xc8\v1.43\sources\common\lwmod.c
		___lwmod       		CODE           	5D60	0000	99

C:\Program Files (x86)\Microchip\xc8\v1.43\sources\common\lwmod.c estimated size: 99

main.c
		_main          		CODE           	3B96	0000	301

main.c estimated size: 301

C:\Program Files (x86)\Microchip\xc8\v1.43\sources\common\awmod.c
		___awmod       		CODE           	5490	0000	163

C:\Program Files (x86)\Microchip\xc8\v1.43\sources\common\awmod.c estimated size: 163

../Includes/Usb/Framework/usb_device_cdc.c
		_CDCTxService  		CODE           	311C	0000	385
		_CDCInitEP     		CODE           	5C8E	0000	109
		_putUSBUSART   		CODE           	66BA	0000	37
		_getsUSBUSART  		CODE           	4582	0000	235
		_USBCheckCDCRequest		CODE           	4C7A	0000	209

../Includes/Usb/Framework/usb_device_cdc.c estimated size: 975

../Includes/Board/poweruptest.c
		_test_comms    		CODE           	5BB4	0000	111
		_test_switch   		CODE           	3EDA	0000	251
		_test_oled     		CODE           	5292	0000	175
		_test_leds     		CODE           	5CFA	0000	103
		_test_powerup  		CODE           	5B42	0000	115
		_delayms       		CODE           	633E	0000	59

../Includes/Board/poweruptest.c estimated size: 814

../Includes/MccGenerated/tmr2.c
		_TMR2_Initialize		CODE           	682A	0000	21
		_TMR2_StartTimer		CODE           	6912	0000	5
		_TMR2_ReadTimer		CODE           	68AE	0000	11

../Includes/MccGenerated/tmr2.c estimated size: 37

